// Jest Snapshot v1, https://goo.gl/fbAQLP

exports[`<Counter /> Counter to render with start time 10 1`] = `
<div
  class="counter"
>
  10
</div>
`;
